Error (line 7): Encountered syntax error, unexpected DUTOK_FUNCTION, expecting DUTOK_BEGIN or DUTOK_SEMICOLON
There were some errors 1 and warnings 0
